#-----------------------------------------------------------
# Vivado v2023.2 (64-bit)
# SW Build 4029153 on Fri Oct 13 20:14:34 MDT 2023
# IP Build 4028589 on Sat Oct 14 00:45:43 MDT 2023
# SharedData Build 4025554 on Tue Oct 10 17:18:54 MDT 2023
# Start of session at: Mon Nov 11 01:51:27 2024
# Process ID: 34256
# Current directory: c:/Users/30545/Desktop/eternalwater/eternal_water_v10/vivado/eternal_water_v10.tmp/wtc_v2_v1_0_project/wtc_v2_v1_0_project.runs/impl_1
# Command line: vivado.exe -log top_module.vdi -applog -product Vivado -messageDb vivado.pb -mode batch -source top_module.tcl -notrace
# Log file: c:/Users/30545/Desktop/eternalwater/eternal_water_v10/vivado/eternal_water_v10.tmp/wtc_v2_v1_0_project/wtc_v2_v1_0_project.runs/impl_1/top_module.vdi
# Journal file: c:/Users/30545/Desktop/eternalwater/eternal_water_v10/vivado/eternal_water_v10.tmp/wtc_v2_v1_0_project/wtc_v2_v1_0_project.runs/impl_1\vivado.jou
# Running On: zhengdt, OS: Windows, CPU Frequency: 2495 MHz, CPU Physical cores: 32, Host memory: 16294 MB
#-----------------------------------------------------------
source top_module.tcl -notrace
