Nothing to build in platform 'system_wrapper'

12:01:55 **** Incremental Build of configuration Debug for project eternal_water_v10 ****
make all 
make --no-print-directory pre-build
a9-linaro-pre-build-step
' '
make --no-print-directory main-build
'Building file: ../src/main.c'
'Invoking: ARM v7 gcc compiler'
arm-none-eabi-gcc -Wall -O0 -g3 -c -fmessage-length=0 -MT"src/main.o" -mcpu=cortex-a9 -mfpu=vfpv3 -mfloat-abi=hard -IC:/Users/30545/Desktop/eternalwater/eternal_water_v10/vitis/system_wrapper/export/system_wrapper/sw/system_wrapper/standalone_ps7_cortexa9_0/bspinclude/include -MMD -MP -MF"src/main.d" -MT"src/main.o" -o "src/main.o" "../src/main.c"
'Finished building: ../src/main.c'
' '
'Building target: eternal_water_v10.elf'
'Invoking: ARM v7 gcc linker'
arm-none-eabi-gcc -mcpu=cortex-a9 -mfpu=vfpv3 -mfloat-abi=hard -Wl,-build-id=none -specs=Xilinx.spec -Wl,-T -Wl,../src/lscript.ld -LC:/Users/30545/Desktop/eternalwater/eternal_water_v10/vitis/system_wrapper/export/system_wrapper/sw/system_wrapper/standalone_ps7_cortexa9_0/bsplib/lib -o "eternal_water_v10.elf"  ./src/vdma_api/vdma_api.o  ./src/ov5640/ov5640_init.o  ./src/emio_sccb_cfg/emio_sccb_cfg.o  ./src/display_ctrl/display_ctrl.o  ./src/clk_wiz/clk_wiz.o  ./src/main.o ./src/mapdata.o ./src/xy_gpio.o   -Wl,--start-group,-lxil,-lgcc,-lc,--end-group
'Finished building target: eternal_water_v10.elf'
' '
'Invoking: ARM v7 Print Size'
arm-none-eabi-size eternal_water_v10.elf  |tee "eternal_water_v10.elf.size"
   text	   data	    bss	    dec	    hex	filename
1297308	   1832	  24304	1323444	 1431b4	eternal_water_v10.elf
'Finished building: eternal_water_v10.elf.size'
' '
12:01:56 **** Incremental Build of configuration Debug for project eternal_water_v10_system ****
make all 
Generating bif file for the system project
generate_system_bif.bat 50207 C:/Users/30545/Desktop/eternalwater/eternal_water_v10/vitis/system_wrapper/export/system_wrapper/system_wrapper.xpfm standalone_ps7_cortexa9_0 C:/Users/30545/Desktop/eternalwater/eternal_water_v10/vitis/eternal_water_v10_system/Debug/system.bif
sdcard_gen --xpfm C:/Users/30545/Desktop/eternalwater/eternal_water_v10/vitis/system_wrapper/export/system_wrapper/system_wrapper.xpfm --sys_config system_wrapper --bif C:/Users/30545/Desktop/eternalwater/eternal_water_v10/vitis/eternal_water_v10_system/Debug/system.bif --bitstream C:/Users/30545/Desktop/eternalwater/eternal_water_v10/vitis/eternal_water_v10/_ide/bitstream/system_wrapper.bit --elf C:/Users/30545/Desktop/eternalwater/eternal_water_v10/vitis/eternal_water_v10/Debug/eternal_water_v10.elf,ps7_cortexa9_0
creating BOOT.BIN using C:/Users/30545/Desktop/eternalwater/eternal_water_v10/vitis/eternal_water_v10/_ide/bitstream/system_wrapper.bit
Running C:/Xilinx/Vitis/2023.2/bin/bootgen  -image C:/Users/30545/Desktop/eternalwater/eternal_water_v10/vitis/eternal_water_v10_system/Debug/sd_card_temp/boot.bif -w -o i BOOT.BIN
